---
source: slotted-pig-lib/src/tests.rs
expression: categorizer.categorize(&transactions)
---
{
  "categorized": []
}
